/usr/include/x86_64-linux-gnu/c++/13/bits/c++config.h:540:3:constexpr bool std::__is_constant_evaluated()	16	static
/usr/include/c++/13/bits/char_traits.h:393:7:static constexpr std::size_t std::char_traits<char>::length(const char_type*)	32	static
/home/musman/Desktop/CPP/Basics/STRINGS/string.cpp:13:5:int main()	608	static
/usr/include/c++/13/bits/char_traits.h:199:5:static constexpr std::size_t __gnu_cxx::char_traits<_CharT>::length(const char_type*) [with _CharT = char]	64	static
/usr/include/c++/13/bits/basic_string.h:181:14:std::__cxx11::basic_string<char>::_Alloc_hider::~_Alloc_hider()	48	static
/usr/include/c++/13/bits/basic_string.h:641:7:std::__cxx11::basic_string<_CharT, _Traits, _Alloc>::basic_string(const _CharT*, const _Alloc&) [with <template-parameter-2-1> = std::allocator<char>; _CharT = char; _Traits = std::char_traits<char>; _Alloc = std::allocator<char>]	80	static
/usr/include/c++/13/bits/basic_string.h:3553:5:std::__cxx11::basic_string<_CharT, _Traits, _Allocator> std::operator+(const __cxx11::basic_string<_CharT, _Traits, _Allocator>&, const __cxx11::basic_string<_CharT, _Traits, _Allocator>&) [with _CharT = char; _Traits = char_traits<char>; _Alloc = allocator<char>]	96	static
/usr/include/c++/13/bits/basic_string.h:3829:5:bool std::operator<(const __cxx11::basic_string<_CharT, _Traits, _Allocator>&, const __cxx11::basic_string<_CharT, _Traits, _Allocator>&) [with _CharT = char; _Traits = char_traits<char>; _Alloc = allocator<char>]	32	static
/usr/include/c++/13/bits/stl_iterator.h:1241:5:bool __gnu_cxx::operator!=(const __normal_iterator<_Iterator, _Container>&, const __normal_iterator<_Iterator, _Container>&) [with _Iterator = char*; _Container = std::__cxx11::basic_string<char>]	48	static
/usr/include/c++/13/bits/stl_iterator.h:1109:7:__gnu_cxx::__normal_iterator<_Iterator, _Container>& __gnu_cxx::__normal_iterator<_Iterator, _Container>::operator++() [with _Iterator = char*; _Container = std::__cxx11::basic_string<char>]	16	static
/usr/include/c++/13/bits/stl_iterator.h:1099:7:__gnu_cxx::__normal_iterator<_Iterator, _Container>::reference __gnu_cxx::__normal_iterator<_Iterator, _Container>::operator*() const [with _Iterator = char*; _Container = std::__cxx11::basic_string<char>]	16	static
/usr/include/c++/13/bits/char_traits.h:136:7:static constexpr bool __gnu_cxx::char_traits<_CharT>::eq(const char_type&, const char_type&) [with _CharT = char]	16	static
/usr/include/c++/13/bits/new_allocator.h:104:7:std::__new_allocator<_Tp>::~__new_allocator() [with _Tp = char]	16	static
/usr/include/c++/13/bits/basic_string.tcc:239:13:std::__cxx11::basic_string<_CharT, _Traits, _Alloc>::_M_construct(_InIterator, _InIterator, std::forward_iterator_tag)::_Guard::_Guard(std::__cxx11::basic_string<_CharT, _Traits, _Alloc>*) [with _InIterator = const char*; _CharT = char; _Traits = std::char_traits<char>; _Alloc = std::allocator<char>]	16	static
/usr/include/c++/13/bits/basic_string.tcc:242:4:std::__cxx11::basic_string<_CharT, _Traits, _Alloc>::_M_construct(_InIterator, _InIterator, std::forward_iterator_tag)::_Guard::~_Guard() [with _InIterator = const char*; _CharT = char; _Traits = std::char_traits<char>; _Alloc = std::allocator<char>]	32	static
/usr/include/c++/13/bits/basic_string.tcc:221:7:void std::__cxx11::basic_string<_CharT, _Traits, _Alloc>::_M_construct(_InIterator, _InIterator, std::forward_iterator_tag) [with _FwdIterator = const char*; _CharT = char; _Traits = std::char_traits<char>; _Alloc = std::allocator<char>]	112	static
/usr/include/c++/13/bits/basic_string.h:3528:5:_Str std::__str_concat(const typename _Str::value_type*, typename _Str::size_type, const typename _Str::value_type*, typename _Str::size_type, const typename _Str::allocator_type&) [with _Str = __cxx11::basic_string<char>]	144	static
/usr/include/c++/13/bits/stl_iterator.h:1162:7:const _Iterator& __gnu_cxx::__normal_iterator<_Iterator, _Container>::base() const [with _Iterator = char*; _Container = std::__cxx11::basic_string<char>]	16	static
